// Jest Snapshot v1, https://goo.gl/fbAQLP

exports[`SearchBar component testing!!! 1`] = `
<SearchBar
  classes={
    Object {
      "inputInput": "SearchBar-inputInput-4",
      "inputRoot": "SearchBar-inputRoot-3",
      "search": "SearchBar-search-1",
      "searchIcon": "SearchBar-searchIcon-2",
    }
  }
/>
`;
